
======================================================================
BUDGET CHECK - 2026-03-30 2026-03-30 15:13:01
======================================================================

💰 BUDGET STATUS - 2026-03
======================================================================
Category                      Budget      Spent    Remaining   Status
======================================================================
Food & Dining             $      800 $        0 $        800     🟢 OK
Groceries                 $    1,000 $      736 $        264     🟢 OK
Software & Subscriptions  $      400 $      512 $       -112   🔴 OVER
Transportation            $      500 $      198 $        302     🟢 OK
======================================================================
TOTAL                     $    2,700 $    1,447 $      1,253

🚨 ALERTS (1):
   [CRITICAL] Software & Subscriptions: 128.1% used (AUD $512 of $400)


ALERTS SUMMARY:
Software & Subscriptions  $      400 $      512 $       -112   🔴 OVER


======================================================================
BUDGET CHECK - 2026-04-02 2026-04-02 09:01:06
======================================================================
📭 No budgets configured for 2026-04

ALERTS SUMMARY:
✅ No alerts - all budgets on track

